Archive member included because of file (symbol)

d:/imt_avr_records/00-tools/05-toolchains/sdk_win_64/winavr/bin/../lib/gcc/avr/4.3.3/avr5\libgcc.a(_divmodhi4.o)
                              ./MCAL/UART/UART_Program.o (__divmodhi4)
d:/imt_avr_records/00-tools/05-toolchains/sdk_win_64/winavr/bin/../lib/gcc/avr/4.3.3/avr5\libgcc.a(_udivmodsi4.o)
                              ./MCAL/UART/UART_Program.o (__udivmodsi4)
d:/imt_avr_records/00-tools/05-toolchains/sdk_win_64/winavr/bin/../lib/gcc/avr/4.3.3/avr5\libgcc.a(_exit.o)
                              d:/imt_avr_records/00-tools/05-toolchains/sdk_win_64/winavr/bin/../lib/gcc/avr/4.3.3/../../../../avr/lib/avr5/crtm32.o (exit)
d:/imt_avr_records/00-tools/05-toolchains/sdk_win_64/winavr/bin/../lib/gcc/avr/4.3.3/avr5\libgcc.a(_copy_data.o)
                              ./MCAL/Switch_Driver/Switch_Config.o (__do_copy_data)
d:/imt_avr_records/00-tools/05-toolchains/sdk_win_64/winavr/bin/../lib/gcc/avr/4.3.3/avr5\libgcc.a(_clear_bss.o)
                              ./MCAL/Timer/Timer_Program.o (__do_clear_bss)
d:/imt_avr_records/00-tools/05-toolchains/sdk_win_64/winavr/bin/../lib/gcc/avr/4.3.3/avr5\libgcc.a(_fixunssfsi.o)
                              ./HAL/LCD/LCD_Program.o (__fixunssfsi)
d:/imt_avr_records/00-tools/05-toolchains/sdk_win_64/winavr/bin/../lib/gcc/avr/4.3.3/avr5\libgcc.a(_addsub_sf.o)
                              ./MCAL/UART/UART_Program.o (__subsf3)
d:/imt_avr_records/00-tools/05-toolchains/sdk_win_64/winavr/bin/../lib/gcc/avr/4.3.3/avr5\libgcc.a(_mul_sf.o)
                              ./MCAL/UART/UART_Program.o (__mulsf3)
d:/imt_avr_records/00-tools/05-toolchains/sdk_win_64/winavr/bin/../lib/gcc/avr/4.3.3/avr5\libgcc.a(_gt_sf.o)
                              ./HAL/LCD/LCD_Program.o (__gtsf2)
d:/imt_avr_records/00-tools/05-toolchains/sdk_win_64/winavr/bin/../lib/gcc/avr/4.3.3/avr5\libgcc.a(_ge_sf.o)
                              d:/imt_avr_records/00-tools/05-toolchains/sdk_win_64/winavr/bin/../lib/gcc/avr/4.3.3/avr5\libgcc.a(_fixunssfsi.o) (__gesf2)
d:/imt_avr_records/00-tools/05-toolchains/sdk_win_64/winavr/bin/../lib/gcc/avr/4.3.3/avr5\libgcc.a(_lt_sf.o)
                              ./HAL/LCD/LCD_Program.o (__ltsf2)
d:/imt_avr_records/00-tools/05-toolchains/sdk_win_64/winavr/bin/../lib/gcc/avr/4.3.3/avr5\libgcc.a(_si_to_sf.o)
                              ./MCAL/UART/UART_Program.o (__floatsisf)
d:/imt_avr_records/00-tools/05-toolchains/sdk_win_64/winavr/bin/../lib/gcc/avr/4.3.3/avr5\libgcc.a(_sf_to_si.o)
                              ./MCAL/UART/UART_Program.o (__fixsfsi)
d:/imt_avr_records/00-tools/05-toolchains/sdk_win_64/winavr/bin/../lib/gcc/avr/4.3.3/avr5\libgcc.a(_thenan_sf.o)
                              d:/imt_avr_records/00-tools/05-toolchains/sdk_win_64/winavr/bin/../lib/gcc/avr/4.3.3/avr5\libgcc.a(_addsub_sf.o) (__thenan_sf)
d:/imt_avr_records/00-tools/05-toolchains/sdk_win_64/winavr/bin/../lib/gcc/avr/4.3.3/avr5\libgcc.a(_udivmodhi4.o)
                              d:/imt_avr_records/00-tools/05-toolchains/sdk_win_64/winavr/bin/../lib/gcc/avr/4.3.3/avr5\libgcc.a(_divmodhi4.o) (__udivmodhi4)
d:/imt_avr_records/00-tools/05-toolchains/sdk_win_64/winavr/bin/../lib/gcc/avr/4.3.3/avr5\libgcc.a(_prologue.o)
                              d:/imt_avr_records/00-tools/05-toolchains/sdk_win_64/winavr/bin/../lib/gcc/avr/4.3.3/avr5\libgcc.a(_addsub_sf.o) (__prologue_saves__)
d:/imt_avr_records/00-tools/05-toolchains/sdk_win_64/winavr/bin/../lib/gcc/avr/4.3.3/avr5\libgcc.a(_epilogue.o)
                              d:/imt_avr_records/00-tools/05-toolchains/sdk_win_64/winavr/bin/../lib/gcc/avr/4.3.3/avr5\libgcc.a(_addsub_sf.o) (__epilogue_restores__)
d:/imt_avr_records/00-tools/05-toolchains/sdk_win_64/winavr/bin/../lib/gcc/avr/4.3.3/avr5\libgcc.a(_clzsi2.o)
                              d:/imt_avr_records/00-tools/05-toolchains/sdk_win_64/winavr/bin/../lib/gcc/avr/4.3.3/avr5\libgcc.a(_si_to_sf.o) (__clzsi2)
d:/imt_avr_records/00-tools/05-toolchains/sdk_win_64/winavr/bin/../lib/gcc/avr/4.3.3/avr5\libgcc.a(_pack_sf.o)
                              d:/imt_avr_records/00-tools/05-toolchains/sdk_win_64/winavr/bin/../lib/gcc/avr/4.3.3/avr5\libgcc.a(_addsub_sf.o) (__pack_f)
d:/imt_avr_records/00-tools/05-toolchains/sdk_win_64/winavr/bin/../lib/gcc/avr/4.3.3/avr5\libgcc.a(_unpack_sf.o)
                              d:/imt_avr_records/00-tools/05-toolchains/sdk_win_64/winavr/bin/../lib/gcc/avr/4.3.3/avr5\libgcc.a(_addsub_sf.o) (__unpack_f)
d:/imt_avr_records/00-tools/05-toolchains/sdk_win_64/winavr/bin/../lib/gcc/avr/4.3.3/avr5\libgcc.a(_fpcmp_parts_sf.o)
                              d:/imt_avr_records/00-tools/05-toolchains/sdk_win_64/winavr/bin/../lib/gcc/avr/4.3.3/avr5\libgcc.a(_gt_sf.o) (__fpcmp_parts_f)
d:/imt_avr_records/00-tools/05-toolchains/sdk_win_64/winavr/bin/../lib/gcc/avr/4.3.3/avr5\libgcc.a(_clz.o)
                              d:/imt_avr_records/00-tools/05-toolchains/sdk_win_64/winavr/bin/../lib/gcc/avr/4.3.3/avr5\libgcc.a(_clzsi2.o) (__clz_tab)

Memory Configuration

Name             Origin             Length             Attributes
text             0x00000000         0x00020000         xr
data             0x00800060         0x0000ffa0         rw !x
eeprom           0x00810000         0x00010000         rw !x
fuse             0x00820000         0x00000400         rw !x
lock             0x00830000         0x00000400         rw !x
signature        0x00840000         0x00000400         rw !x
*default*        0x00000000         0xffffffff

Linker script and memory map

LOAD d:/imt_avr_records/00-tools/05-toolchains/sdk_win_64/winavr/bin/../lib/gcc/avr/4.3.3/../../../../avr/lib/avr5/crtm32.o
LOAD ./MCAL/WDT/WDT_Program.o
LOAD ./MCAL/UART/UART_Program.o
LOAD ./MCAL/Timer/Timer_Program.o
LOAD ./MCAL/Switch_Driver/Switch_Config.o
LOAD ./MCAL/Switch_Driver/Switch_Program.o
LOAD ./MCAL/LCD_DIO/Dio_Program.o
LOAD ./MCAL/Global_Interrupt/GI_Program.o
LOAD ./MCAL/EXTI/EXTI_Program.o
LOAD ./MCAL/DIO/DIO_Program.o
LOAD ./MCAL/ADC/ADC_Program.o
LOAD ./HAL/Stepper/Stepper_Program.o
LOAD ./HAL/Servo_Motor/Servo_Program.o
LOAD ./HAL/LCD/LCD_Program.o
LOAD ./HAL/KEYPAD/Keypad_Program.o
LOAD ./HAL/DC_MOTOR/DC_Motor_Program.o
LOAD ./HAL/7Segment/SevenSegment_Program.o
LOAD ./APP/main.o
LOAD d:/imt_avr_records/00-tools/05-toolchains/sdk_win_64/winavr/bin/../lib/gcc/avr/4.3.3/avr5\libgcc.a
LOAD d:/imt_avr_records/00-tools/05-toolchains/sdk_win_64/winavr/bin/../lib/gcc/avr/4.3.3/../../../../avr/lib/avr5\libc.a
LOAD d:/imt_avr_records/00-tools/05-toolchains/sdk_win_64/winavr/bin/../lib/gcc/avr/4.3.3/avr5\libgcc.a

.hash
 *(.hash)

.dynsym
 *(.dynsym)

.dynstr
 *(.dynstr)

.gnu.version
 *(.gnu.version)

.gnu.version_d
 *(.gnu.version_d)

.gnu.version_r
 *(.gnu.version_r)

.rel.init
 *(.rel.init)

.rela.init
 *(.rela.init)

.rel.text
 *(.rel.text)
 *(.rel.text.*)
 *(.rel.gnu.linkonce.t*)

.rela.text
 *(.rela.text)
 *(.rela.text.*)
 *(.rela.gnu.linkonce.t*)

.rel.fini
 *(.rel.fini)

.rela.fini
 *(.rela.fini)

.rel.rodata
 *(.rel.rodata)
 *(.rel.rodata.*)
 *(.rel.gnu.linkonce.r*)

.rela.rodata
 *(.rela.rodata)
 *(.rela.rodata.*)
 *(.rela.gnu.linkonce.r*)

.rel.data
 *(.rel.data)
 *(.rel.data.*)
 *(.rel.gnu.linkonce.d*)

.rela.data
 *(.rela.data)
 *(.rela.data.*)
 *(.rela.gnu.linkonce.d*)

.rel.ctors
 *(.rel.ctors)

.rela.ctors
 *(.rela.ctors)

.rel.dtors
 *(.rel.dtors)

.rela.dtors
 *(.rela.dtors)

.rel.got
 *(.rel.got)

.rela.got
 *(.rela.got)

.rel.bss
 *(.rel.bss)

.rela.bss
 *(.rela.bss)

.rel.plt
 *(.rel.plt)

.rela.plt
 *(.rela.plt)

.text           0x00000000     0x6554
 *(.vectors)
 .vectors       0x00000000       0x54 d:/imt_avr_records/00-tools/05-toolchains/sdk_win_64/winavr/bin/../lib/gcc/avr/4.3.3/../../../../avr/lib/avr5/crtm32.o
                0x00000000                __vectors
                0x00000000                __vector_default
 *(.vectors)
 *(.progmem.gcc*)
 *(.progmem*)
                0x00000054                . = ALIGN (0x2)
                0x00000054                __trampolines_start = .
 *(.trampolines)
 .trampolines   0x00000054        0x0 linker stubs
 *(.trampolines*)
                0x00000054                __trampolines_end = .
 *(.jumptables)
 *(.jumptables*)
 *(.lowtext)
 *(.lowtext*)
                0x00000054                __ctors_start = .
 *(.ctors)
                0x00000054                __ctors_end = .
                0x00000054                __dtors_start = .
 *(.dtors)
                0x00000054                __dtors_end = .
 SORT(*)(.ctors)
 SORT(*)(.dtors)
 *(.init0)
 .init0         0x00000054        0x0 d:/imt_avr_records/00-tools/05-toolchains/sdk_win_64/winavr/bin/../lib/gcc/avr/4.3.3/../../../../avr/lib/avr5/crtm32.o
                0x00000054                __init
 *(.init0)
 *(.init1)
 *(.init1)
 *(.init2)
 .init2         0x00000054        0xc d:/imt_avr_records/00-tools/05-toolchains/sdk_win_64/winavr/bin/../lib/gcc/avr/4.3.3/../../../../avr/lib/avr5/crtm32.o
 *(.init2)
 *(.init3)
 *(.init3)
 *(.init4)
 .init4         0x00000060       0x16 d:/imt_avr_records/00-tools/05-toolchains/sdk_win_64/winavr/bin/../lib/gcc/avr/4.3.3/avr5\libgcc.a(_copy_data.o)
                0x00000060                __do_copy_data
 .init4         0x00000076       0x10 d:/imt_avr_records/00-tools/05-toolchains/sdk_win_64/winavr/bin/../lib/gcc/avr/4.3.3/avr5\libgcc.a(_clear_bss.o)
                0x00000076                __do_clear_bss
 *(.init4)
 *(.init5)
 *(.init5)
 *(.init6)
 *(.init6)
 *(.init7)
 *(.init7)
 *(.init8)
 *(.init8)
 *(.init9)
 .init9         0x00000086        0x8 d:/imt_avr_records/00-tools/05-toolchains/sdk_win_64/winavr/bin/../lib/gcc/avr/4.3.3/../../../../avr/lib/avr5/crtm32.o
 *(.init9)
 *(.text)
 .text          0x0000008e        0x4 d:/imt_avr_records/00-tools/05-toolchains/sdk_win_64/winavr/bin/../lib/gcc/avr/4.3.3/../../../../avr/lib/avr5/crtm32.o
                0x0000008e                __vector_12
                0x0000008e                __bad_interrupt
                0x0000008e                __vector_6
                0x0000008e                __vector_13
                0x0000008e                __vector_17
                0x0000008e                __vector_19
                0x0000008e                __vector_7
                0x0000008e                __vector_5
                0x0000008e                __vector_4
                0x0000008e                __vector_9
                0x0000008e                __vector_15
                0x0000008e                __vector_8
                0x0000008e                __vector_14
                0x0000008e                __vector_18
                0x0000008e                __vector_20
 .text          0x00000092        0x0 ./MCAL/WDT/WDT_Program.o
 .text          0x00000092        0x0 ./MCAL/UART/UART_Program.o
 .text          0x00000092        0x0 ./MCAL/Timer/Timer_Program.o
 .text          0x00000092        0x0 ./MCAL/Switch_Driver/Switch_Config.o
 .text          0x00000092        0x0 ./MCAL/Switch_Driver/Switch_Program.o
 .text          0x00000092        0x0 ./MCAL/LCD_DIO/Dio_Program.o
 .text          0x00000092        0x0 ./MCAL/Global_Interrupt/GI_Program.o
 .text          0x00000092        0x0 ./MCAL/EXTI/EXTI_Program.o
 .text          0x00000092        0x0 ./MCAL/DIO/DIO_Program.o
 .text          0x00000092        0x0 ./MCAL/ADC/ADC_Program.o
 .text          0x00000092        0x0 ./HAL/Stepper/Stepper_Program.o
 .text          0x00000092        0x0 ./HAL/Servo_Motor/Servo_Program.o
 .text          0x00000092        0x0 ./HAL/LCD/LCD_Program.o
 .text          0x00000092        0x0 ./HAL/KEYPAD/Keypad_Program.o
 .text          0x00000092        0x0 ./HAL/DC_MOTOR/DC_Motor_Program.o
 .text          0x00000092        0x0 ./HAL/7Segment/SevenSegment_Program.o
 .text          0x00000092        0x0 ./APP/main.o
 .text          0x00000092        0x0 d:/imt_avr_records/00-tools/05-toolchains/sdk_win_64/winavr/bin/../lib/gcc/avr/4.3.3/avr5\libgcc.a(_divmodhi4.o)
 .text          0x00000092        0x0 d:/imt_avr_records/00-tools/05-toolchains/sdk_win_64/winavr/bin/../lib/gcc/avr/4.3.3/avr5\libgcc.a(_udivmodsi4.o)
 .text          0x00000092        0x0 d:/imt_avr_records/00-tools/05-toolchains/sdk_win_64/winavr/bin/../lib/gcc/avr/4.3.3/avr5\libgcc.a(_exit.o)
 .text          0x00000092        0x0 d:/imt_avr_records/00-tools/05-toolchains/sdk_win_64/winavr/bin/../lib/gcc/avr/4.3.3/avr5\libgcc.a(_copy_data.o)
 .text          0x00000092        0x0 d:/imt_avr_records/00-tools/05-toolchains/sdk_win_64/winavr/bin/../lib/gcc/avr/4.3.3/avr5\libgcc.a(_clear_bss.o)
 .text          0x00000092       0x58 d:/imt_avr_records/00-tools/05-toolchains/sdk_win_64/winavr/bin/../lib/gcc/avr/4.3.3/avr5\libgcc.a(_fixunssfsi.o)
                0x00000092                __fixunssfsi
 .text          0x000000ea      0x354 d:/imt_avr_records/00-tools/05-toolchains/sdk_win_64/winavr/bin/../lib/gcc/avr/4.3.3/avr5\libgcc.a(_addsub_sf.o)
                0x00000382                __subsf3
                0x000003e4                __addsf3
 .text          0x0000043e      0x1f4 d:/imt_avr_records/00-tools/05-toolchains/sdk_win_64/winavr/bin/../lib/gcc/avr/4.3.3/avr5\libgcc.a(_mul_sf.o)
                0x0000043e                __mulsf3
 .text          0x00000632       0x60 d:/imt_avr_records/00-tools/05-toolchains/sdk_win_64/winavr/bin/../lib/gcc/avr/4.3.3/avr5\libgcc.a(_gt_sf.o)
                0x00000632                __gtsf2
 .text          0x00000692       0x60 d:/imt_avr_records/00-tools/05-toolchains/sdk_win_64/winavr/bin/../lib/gcc/avr/4.3.3/avr5\libgcc.a(_ge_sf.o)
                0x00000692                __gesf2
 .text          0x000006f2       0x60 d:/imt_avr_records/00-tools/05-toolchains/sdk_win_64/winavr/bin/../lib/gcc/avr/4.3.3/avr5\libgcc.a(_lt_sf.o)
                0x000006f2                __ltsf2
 .text          0x00000752       0xbc d:/imt_avr_records/00-tools/05-toolchains/sdk_win_64/winavr/bin/../lib/gcc/avr/4.3.3/avr5\libgcc.a(_si_to_sf.o)
                0x00000752                __floatsisf
 .text          0x0000080e       0xa8 d:/imt_avr_records/00-tools/05-toolchains/sdk_win_64/winavr/bin/../lib/gcc/avr/4.3.3/avr5\libgcc.a(_sf_to_si.o)
                0x0000080e                __fixsfsi
 .text          0x000008b6        0x0 d:/imt_avr_records/00-tools/05-toolchains/sdk_win_64/winavr/bin/../lib/gcc/avr/4.3.3/avr5\libgcc.a(_thenan_sf.o)
 .text          0x000008b6        0x0 d:/imt_avr_records/00-tools/05-toolchains/sdk_win_64/winavr/bin/../lib/gcc/avr/4.3.3/avr5\libgcc.a(_udivmodhi4.o)
 .text          0x000008b6        0x0 d:/imt_avr_records/00-tools/05-toolchains/sdk_win_64/winavr/bin/../lib/gcc/avr/4.3.3/avr5\libgcc.a(_prologue.o)
 .text          0x000008b6        0x0 d:/imt_avr_records/00-tools/05-toolchains/sdk_win_64/winavr/bin/../lib/gcc/avr/4.3.3/avr5\libgcc.a(_epilogue.o)
 .text          0x000008b6       0x9e d:/imt_avr_records/00-tools/05-toolchains/sdk_win_64/winavr/bin/../lib/gcc/avr/4.3.3/avr5\libgcc.a(_clzsi2.o)
                0x000008b6                __clzsi2
 .text          0x00000954      0x1aa d:/imt_avr_records/00-tools/05-toolchains/sdk_win_64/winavr/bin/../lib/gcc/avr/4.3.3/avr5\libgcc.a(_pack_sf.o)
                0x00000954                __pack_f
 .text          0x00000afe       0xf0 d:/imt_avr_records/00-tools/05-toolchains/sdk_win_64/winavr/bin/../lib/gcc/avr/4.3.3/avr5\libgcc.a(_unpack_sf.o)
                0x00000afe                __unpack_f
 .text          0x00000bee       0xb2 d:/imt_avr_records/00-tools/05-toolchains/sdk_win_64/winavr/bin/../lib/gcc/avr/4.3.3/avr5\libgcc.a(_fpcmp_parts_sf.o)
                0x00000bee                __fpcmp_parts_f
 .text          0x00000ca0        0x0 d:/imt_avr_records/00-tools/05-toolchains/sdk_win_64/winavr/bin/../lib/gcc/avr/4.3.3/avr5\libgcc.a(_clz.o)
                0x00000ca0                . = ALIGN (0x2)
 *(.text.*)
 .text.WDT_voidEnable
                0x00000ca0       0x46 ./MCAL/WDT/WDT_Program.o
                0x00000ca0                WDT_voidEnable
 .text.WDT_voidDisable
                0x00000ce6       0x30 ./MCAL/WDT/WDT_Program.o
                0x00000ce6                WDT_voidDisable
 .text.UART_Init
                0x00000d16       0xac ./MCAL/UART/UART_Program.o
                0x00000d16                UART_Init
 .text.UART_Send1ByteData
                0x00000dc2       0x34 ./MCAL/UART/UART_Program.o
                0x00000dc2                UART_Send1ByteData
 .text.UART_SendString
                0x00000df6       0x52 ./MCAL/UART/UART_Program.o
                0x00000df6                UART_SendString
 .text.UART_DisplayNumber
                0x00000e48      0x16c ./MCAL/UART/UART_Program.o
                0x00000e48                UART_DisplayNumber
 .text.UART_displayFloat
                0x00000fb4       0xda ./MCAL/UART/UART_Program.o
                0x00000fb4                UART_displayFloat
 .text.UART_u8Recieve1ByteData
                0x0000108e       0x44 ./MCAL/UART/UART_Program.o
                0x0000108e                UART_u8Recieve1ByteData
 .text.UART_u8RecieveString
                0x000010d2       0x7c ./MCAL/UART/UART_Program.o
                0x000010d2                UART_u8RecieveString
 .text.TIMERS_voidTimer0Init
                0x0000114e       0x70 ./MCAL/Timer/Timer_Program.o
                0x0000114e                TIMERS_voidTimer0Init
 .text.TIMERS_voidTimer1Init
                0x000011be       0xa4 ./MCAL/Timer/Timer_Program.o
                0x000011be                TIMERS_voidTimer1Init
 .text.TIMERS_u8TIMER0SetCallBack
                0x00001262       0x3a ./MCAL/Timer/Timer_Program.o
                0x00001262                TIMERS_u8TIMER0SetCallBack
 .text.TIMERS_u8TIMER0CTCSetCallBack
                0x0000129c       0x3a ./MCAL/Timer/Timer_Program.o
                0x0000129c                TIMERS_u8TIMER0CTCSetCallBack
 .text.TIMERS_voidTIMER0SetCompareMatchValue
                0x000012d6       0x1c ./MCAL/Timer/Timer_Program.o
                0x000012d6                TIMERS_voidTIMER0SetCompareMatchValue
 .text.TIMERS_voidTIMER0SetPreload
                0x000012f2       0x1c ./MCAL/Timer/Timer_Program.o
                0x000012f2                TIMERS_voidTIMER0SetPreload
 .text.TIMERS_voidTIMER1SetCompareMatchValueA
                0x0000130e       0x24 ./MCAL/Timer/Timer_Program.o
                0x0000130e                TIMERS_voidTIMER1SetCompareMatchValueA
 .text.TIMERS_voidTIMER1SetTimerValue
                0x00001332       0x24 ./MCAL/Timer/Timer_Program.o
                0x00001332                TIMERS_voidTIMER1SetTimerValue
 .text.TIMERS_u16TIMER1ReadTimerValue
                0x00001356       0x16 ./MCAL/Timer/Timer_Program.o
                0x00001356                TIMERS_u16TIMER1ReadTimerValue
 .text.__vector_11
                0x0000136c       0x98 ./MCAL/Timer/Timer_Program.o
                0x0000136c                __vector_11
 .text.__vector_10
                0x00001404       0x90 ./MCAL/Timer/Timer_Program.o
                0x00001404                __vector_10
 .text.Switch_Init
                0x00001494       0xdc ./MCAL/Switch_Driver/Switch_Program.o
                0x00001494                Switch_Init
 .text.Switch_GetValue
                0x00001570       0x3a ./MCAL/Switch_Driver/Switch_Program.o
                0x00001570                Switch_GetValue
 .text.LCD_setPinDirection
                0x000015aa      0x1d6 ./MCAL/LCD_DIO/Dio_Program.o
                0x000015aa                LCD_setPinDirection
 .text.LCD_setPinValue
                0x00001780      0x1d6 ./MCAL/LCD_DIO/Dio_Program.o
                0x00001780                LCD_setPinValue
 .text.LCD_getPinValue
                0x00001956      0x136 ./MCAL/LCD_DIO/Dio_Program.o
                0x00001956                LCD_getPinValue
 .text.LCD_setPortDirection
                0x00001a8c       0x88 ./MCAL/LCD_DIO/Dio_Program.o
                0x00001a8c                LCD_setPortDirection
 .text.LCD_setPortValue
                0x00001b14       0x88 ./MCAL/LCD_DIO/Dio_Program.o
                0x00001b14                LCD_setPortValue
 .text.LCD_getPortValue
                0x00001b9c       0x8a ./MCAL/LCD_DIO/Dio_Program.o
                0x00001b9c                LCD_getPortValue
 .text.EXTI_voidEnable_GIE
                0x00001c26       0x1c ./MCAL/Global_Interrupt/GI_Program.o
                0x00001c26                EXTI_voidEnable_GIE
 .text.EXTI_voidDisable_GIE
                0x00001c42       0x1c ./MCAL/Global_Interrupt/GI_Program.o
                0x00001c42                EXTI_voidDisable_GIE
 .text.setCallBack
                0x00001c5e       0x36 ./MCAL/EXTI/EXTI_Program.o
                0x00001c5e                setCallBack
 .text.EXTI0_LowLevel_MODE
                0x00001c94       0x2a ./MCAL/EXTI/EXTI_Program.o
                0x00001c94                EXTI0_LowLevel_MODE
 .text.EXTI0_FALLING_MODE
                0x00001cbe       0x2a ./MCAL/EXTI/EXTI_Program.o
                0x00001cbe                EXTI0_FALLING_MODE
 .text.EXTI0_AnyLogicalChange_MODE
                0x00001ce8       0x2a ./MCAL/EXTI/EXTI_Program.o
                0x00001ce8                EXTI0_AnyLogicalChange_MODE
 .text.EXTI0_RISING_MODE
                0x00001d12       0x2a ./MCAL/EXTI/EXTI_Program.o
                0x00001d12                EXTI0_RISING_MODE
 .text.EXTI1_LowLevel_MODE
                0x00001d3c       0x2a ./MCAL/EXTI/EXTI_Program.o
                0x00001d3c                EXTI1_LowLevel_MODE
 .text.EXTI1_FALLING_MODE
                0x00001d66       0x2a ./MCAL/EXTI/EXTI_Program.o
                0x00001d66                EXTI1_FALLING_MODE
 .text.EXTI1_AnyLogicalChange_MODE
                0x00001d90       0x2a ./MCAL/EXTI/EXTI_Program.o
                0x00001d90                EXTI1_AnyLogicalChange_MODE
 .text.EXTI1_RISING_MODE
                0x00001dba       0x2a ./MCAL/EXTI/EXTI_Program.o
                0x00001dba                EXTI1_RISING_MODE
 .text.EXTI2_RISING_MODE
                0x00001de4       0x1c ./MCAL/EXTI/EXTI_Program.o
                0x00001de4                EXTI2_RISING_MODE
 .text.EXTI2_FALLING_MODE
                0x00001e00       0x1c ./MCAL/EXTI/EXTI_Program.o
                0x00001e00                EXTI2_FALLING_MODE
 .text.EXTI_voidEXTI0Enable
                0x00001e1c       0x20 ./MCAL/EXTI/EXTI_Program.o
                0x00001e1c                EXTI_voidEXTI0Enable
 .text.EXTI_voidEXTI1Enable
                0x00001e3c       0x20 ./MCAL/EXTI/EXTI_Program.o
                0x00001e3c                EXTI_voidEXTI1Enable
 .text.EXTI_INTEnable
                0x00001e5c      0x152 ./MCAL/EXTI/EXTI_Program.o
                0x00001e5c                EXTI_INTEnable
 .text.EXTI_voidINTDisable
                0x00001fae       0x6e ./MCAL/EXTI/EXTI_Program.o
                0x00001fae                EXTI_voidINTDisable
 .text.__vector_1
                0x0000201c       0x66 ./MCAL/EXTI/EXTI_Program.o
                0x0000201c                __vector_1
 .text.__vector_2
                0x00002082       0x66 ./MCAL/EXTI/EXTI_Program.o
                0x00002082                __vector_2
 .text.__vector_3
                0x000020e8       0x66 ./MCAL/EXTI/EXTI_Program.o
                0x000020e8                __vector_3
 .text.DIO_voidInit
                0x0000214e       0x42 ./MCAL/DIO/DIO_Program.o
                0x0000214e                DIO_voidInit
 .text.DIO_u8SetPinDirection
                0x00002190      0x254 ./MCAL/DIO/DIO_Program.o
                0x00002190                DIO_u8SetPinDirection
 .text.DIO_u8SetPinValue
                0x000023e4      0x262 ./MCAL/DIO/DIO_Program.o
                0x000023e4                DIO_u8SetPinValue
 .text.DIO_u8GetPinValue
                0x00002646      0x17c ./MCAL/DIO/DIO_Program.o
                0x00002646                DIO_u8GetPinValue
 .text.DIO_getPinValueWithoutPointer
                0x000027c2      0x104 ./MCAL/DIO/DIO_Program.o
                0x000027c2                DIO_getPinValueWithoutPointer
 .text.DIO_u8SetPortDirection
                0x000028c6      0x128 ./MCAL/DIO/DIO_Program.o
                0x000028c6                DIO_u8SetPortDirection
 .text.DIO_u8SetPortValue
                0x000029ee      0x13a ./MCAL/DIO/DIO_Program.o
                0x000029ee                DIO_u8SetPortValue
 .text.DIO_u8GetPortValue
                0x00002b28       0xb4 ./MCAL/DIO/DIO_Program.o
                0x00002b28                DIO_u8GetPortValue
 .text.ADC_void_Init
                0x00002bdc       0x7e ./MCAL/ADC/ADC_Program.o
                0x00002bdc                ADC_void_Init
 .text.ADC_u8_Get_Digital_ValueSynchNonBlocking
                0x00002c5a       0xfa ./MCAL/ADC/ADC_Program.o
                0x00002c5a                ADC_u8_Get_Digital_ValueSynchNonBlocking
 .text.ADC_u8_Get_Digital_ValueAsynch
                0x00002d54       0x8c ./MCAL/ADC/ADC_Program.o
                0x00002d54                ADC_u8_Get_Digital_ValueAsynch
 .text.ADC_u8GetADCRegValue
                0x00002de0       0x3a ./MCAL/ADC/ADC_Program.o
                0x00002de0                ADC_u8GetADCRegValue
 .text.__vector_16
                0x00002e1a       0x82 ./MCAL/ADC/ADC_Program.o
                0x00002e1a                __vector_16
 .text.Stepper_Init
                0x00002e9c       0x36 ./HAL/Stepper/Stepper_Program.o
                0x00002e9c                Stepper_Init
 .text.ActivatePins1
                0x00002ed2       0x4a ./HAL/Stepper/Stepper_Program.o
                0x00002ed2                ActivatePins1
 .text.ActivatePins2
                0x00002f1c       0x4a ./HAL/Stepper/Stepper_Program.o
                0x00002f1c                ActivatePins2
 .text.SelectStepAngle
                0x00002f66       0xbc ./HAL/Stepper/Stepper_Program.o
                0x00002f66                SelectStepAngle
 .text.Servo_Init
                0x00003022       0x12 ./HAL/Servo_Motor/Servo_Program.o
                0x00003022                Servo_Init
 .text.Servo_SetAngle
                0x00003034       0x4a ./HAL/Servo_Motor/Servo_Program.o
                0x00003034                Servo_SetAngle
 .text.LCD_sendCommand
                0x0000307e      0x3f8 ./HAL/LCD/LCD_Program.o
                0x0000307e                LCD_sendCommand
 .text.LCD_displayCharacter
                0x00003476      0x3f8 ./HAL/LCD/LCD_Program.o
                0x00003476                LCD_displayCharacter
 .text.LCD_DisplayInteger
                0x0000386e      0x16c ./HAL/LCD/LCD_Program.o
                0x0000386e                LCD_DisplayInteger
 .text.LCD_init
                0x000039da      0x148 ./HAL/LCD/LCD_Program.o
                0x000039da                LCD_init
 .text.LCD_GoToXY
                0x00003b22       0x54 ./HAL/LCD/LCD_Program.o
                0x00003b22                LCD_GoToXY
 .text.LCD_displayString
                0x00003b76       0x52 ./HAL/LCD/LCD_Program.o
                0x00003b76                LCD_displayString
 .text.LCD_String_xy
                0x00003bc8       0xda ./HAL/LCD/LCD_Program.o
                0x00003bc8                LCD_String_xy
 .text.LCD_ClearScreen
                0x00003ca2      0x110 ./HAL/LCD/LCD_Program.o
                0x00003ca2                LCD_ClearScreen
 .text.LCD_ShiftingLeft
                0x00003db2      0x110 ./HAL/LCD/LCD_Program.o
                0x00003db2                LCD_ShiftingLeft
 .text.LCD_ShiftingRight
                0x00003ec2      0x110 ./HAL/LCD/LCD_Program.o
                0x00003ec2                LCD_ShiftingRight
 .text.LCD_WriteSpecialChar
                0x00003fd2       0x90 ./HAL/LCD/LCD_Program.o
                0x00003fd2                LCD_WriteSpecialChar
 .text.displayFloatOnLCD
                0x00004062       0xda ./HAL/LCD/LCD_Program.o
                0x00004062                displayFloatOnLCD
 .text.displayMinusNumbers
                0x0000413c       0x52 ./HAL/LCD/LCD_Program.o
                0x0000413c                displayMinusNumbers
 .text.KPD_voidInit
                0x0000418e       0x86 ./HAL/KEYPAD/Keypad_Program.o
                0x0000418e                KPD_voidInit
 .text.KPD_u8GetKeyState
                0x00004214      0x21e ./HAL/KEYPAD/Keypad_Program.o
                0x00004214                KPD_u8GetKeyState
 .text.DC_Motor_Init
                0x00004432       0x6e ./HAL/DC_MOTOR/DC_Motor_Program.o
                0x00004432                DC_Motor_Init
 .text.DC_Motor_Rotate
                0x000044a0      0x110 ./HAL/DC_MOTOR/DC_Motor_Program.o
                0x000044a0                DC_Motor_Rotate
 .text.DC_Motor_Stop
                0x000045b0       0x42 ./HAL/DC_MOTOR/DC_Motor_Program.o
                0x000045b0                DC_Motor_Stop
 .text.SevenSegment_Init
                0x000045f2       0x1c ./HAL/7Segment/SevenSegment_Program.o
                0x000045f2                SevenSegment_Init
 .text.SevenSegment_Display
                0x0000460e      0x480 ./HAL/7Segment/SevenSegment_Program.o
                0x0000460e                SevenSegment_Display
 .text.SevenSegment_From0To9
                0x00004a8e      0xce8 ./HAL/7Segment/SevenSegment_Program.o
                0x00004a8e                SevenSegment_From0To9
 .text.SevenSegment_FromAToH
                0x00005776      0x9f0 ./HAL/7Segment/SevenSegment_Program.o
                0x00005776                SevenSegment_FromAToH
 .text.main     0x00006166      0x2ea ./APP/main.o
                0x00006166                main
 .text.libgcc   0x00006450       0x26 d:/imt_avr_records/00-tools/05-toolchains/sdk_win_64/winavr/bin/../lib/gcc/avr/4.3.3/avr5\libgcc.a(_divmodhi4.o)
                0x00006450                __divmodhi4
                0x00006450                _div
 .text.libgcc   0x00006476       0x44 d:/imt_avr_records/00-tools/05-toolchains/sdk_win_64/winavr/bin/../lib/gcc/avr/4.3.3/avr5\libgcc.a(_udivmodsi4.o)
                0x00006476                __udivmodsi4
 .text.libgcc   0x000064ba        0x0 d:/imt_avr_records/00-tools/05-toolchains/sdk_win_64/winavr/bin/../lib/gcc/avr/4.3.3/avr5\libgcc.a(_exit.o)
 .text.libgcc   0x000064ba        0x0 d:/imt_avr_records/00-tools/05-toolchains/sdk_win_64/winavr/bin/../lib/gcc/avr/4.3.3/avr5\libgcc.a(_copy_data.o)
 .text.libgcc   0x000064ba        0x0 d:/imt_avr_records/00-tools/05-toolchains/sdk_win_64/winavr/bin/../lib/gcc/avr/4.3.3/avr5\libgcc.a(_clear_bss.o)
 .text.libgcc   0x000064ba       0x28 d:/imt_avr_records/00-tools/05-toolchains/sdk_win_64/winavr/bin/../lib/gcc/avr/4.3.3/avr5\libgcc.a(_udivmodhi4.o)
                0x000064ba                __udivmodhi4
 .text.libgcc   0x000064e2       0x38 d:/imt_avr_records/00-tools/05-toolchains/sdk_win_64/winavr/bin/../lib/gcc/avr/4.3.3/avr5\libgcc.a(_prologue.o)
                0x000064e2                __prologue_saves__
 .text.libgcc   0x0000651a       0x36 d:/imt_avr_records/00-tools/05-toolchains/sdk_win_64/winavr/bin/../lib/gcc/avr/4.3.3/avr5\libgcc.a(_epilogue.o)
                0x0000651a                __epilogue_restores__
                0x00006550                . = ALIGN (0x2)
 *(.fini9)
 .fini9         0x00006550        0x0 d:/imt_avr_records/00-tools/05-toolchains/sdk_win_64/winavr/bin/../lib/gcc/avr/4.3.3/avr5\libgcc.a(_exit.o)
                0x00006550                exit
                0x00006550                _exit
 *(.fini9)
 *(.fini8)
 *(.fini8)
 *(.fini7)
 *(.fini7)
 *(.fini6)
 *(.fini6)
 *(.fini5)
 *(.fini5)
 *(.fini4)
 *(.fini4)
 *(.fini3)
 *(.fini3)
 *(.fini2)
 *(.fini2)
 *(.fini1)
 *(.fini1)
 *(.fini0)
 .fini0         0x00006550        0x4 d:/imt_avr_records/00-tools/05-toolchains/sdk_win_64/winavr/bin/../lib/gcc/avr/4.3.3/avr5\libgcc.a(_exit.o)
 *(.fini0)
                0x00006554                _etext = .

.data           0x00800060      0x130 load address 0x00006554
                0x00800060                PROVIDE (__data_start, .)
 *(.data)
 .data          0x00800060        0x0 d:/imt_avr_records/00-tools/05-toolchains/sdk_win_64/winavr/bin/../lib/gcc/avr/4.3.3/../../../../avr/lib/avr5/crtm32.o
 .data          0x00800060        0x0 ./MCAL/WDT/WDT_Program.o
 .data          0x00800060        0x0 ./MCAL/UART/UART_Program.o
 .data          0x00800060        0x0 ./MCAL/Timer/Timer_Program.o
 .data          0x00800060        0x0 ./MCAL/Switch_Driver/Switch_Config.o
 .data          0x00800060        0x0 ./MCAL/Switch_Driver/Switch_Program.o
 .data          0x00800060        0x0 ./MCAL/LCD_DIO/Dio_Program.o
 .data          0x00800060        0x0 ./MCAL/Global_Interrupt/GI_Program.o
 .data          0x00800060        0x0 ./MCAL/EXTI/EXTI_Program.o
 .data          0x00800060        0x0 ./MCAL/DIO/DIO_Program.o
 .data          0x00800060        0x0 ./MCAL/ADC/ADC_Program.o
 .data          0x00800060        0x0 ./HAL/Stepper/Stepper_Program.o
 .data          0x00800060        0x0 ./HAL/Servo_Motor/Servo_Program.o
 .data          0x00800060        0x0 ./HAL/LCD/LCD_Program.o
 .data          0x00800060        0x0 ./HAL/KEYPAD/Keypad_Program.o
 .data          0x00800060        0x0 ./HAL/DC_MOTOR/DC_Motor_Program.o
 .data          0x00800060        0x0 ./HAL/7Segment/SevenSegment_Program.o
 .data          0x00800060        0xc ./APP/main.o
 .data          0x0080006c        0x0 d:/imt_avr_records/00-tools/05-toolchains/sdk_win_64/winavr/bin/../lib/gcc/avr/4.3.3/avr5\libgcc.a(_divmodhi4.o)
 .data          0x0080006c        0x0 d:/imt_avr_records/00-tools/05-toolchains/sdk_win_64/winavr/bin/../lib/gcc/avr/4.3.3/avr5\libgcc.a(_udivmodsi4.o)
 .data          0x0080006c        0x0 d:/imt_avr_records/00-tools/05-toolchains/sdk_win_64/winavr/bin/../lib/gcc/avr/4.3.3/avr5\libgcc.a(_exit.o)
 .data          0x0080006c        0x0 d:/imt_avr_records/00-tools/05-toolchains/sdk_win_64/winavr/bin/../lib/gcc/avr/4.3.3/avr5\libgcc.a(_copy_data.o)
 .data          0x0080006c        0x0 d:/imt_avr_records/00-tools/05-toolchains/sdk_win_64/winavr/bin/../lib/gcc/avr/4.3.3/avr5\libgcc.a(_clear_bss.o)
 .data          0x0080006c        0x0 d:/imt_avr_records/00-tools/05-toolchains/sdk_win_64/winavr/bin/../lib/gcc/avr/4.3.3/avr5\libgcc.a(_fixunssfsi.o)
 .data          0x0080006c        0x0 d:/imt_avr_records/00-tools/05-toolchains/sdk_win_64/winavr/bin/../lib/gcc/avr/4.3.3/avr5\libgcc.a(_addsub_sf.o)
 .data          0x0080006c        0x0 d:/imt_avr_records/00-tools/05-toolchains/sdk_win_64/winavr/bin/../lib/gcc/avr/4.3.3/avr5\libgcc.a(_mul_sf.o)
 .data          0x0080006c        0x0 d:/imt_avr_records/00-tools/05-toolchains/sdk_win_64/winavr/bin/../lib/gcc/avr/4.3.3/avr5\libgcc.a(_gt_sf.o)
 .data          0x0080006c        0x0 d:/imt_avr_records/00-tools/05-toolchains/sdk_win_64/winavr/bin/../lib/gcc/avr/4.3.3/avr5\libgcc.a(_ge_sf.o)
 .data          0x0080006c        0x0 d:/imt_avr_records/00-tools/05-toolchains/sdk_win_64/winavr/bin/../lib/gcc/avr/4.3.3/avr5\libgcc.a(_lt_sf.o)
 .data          0x0080006c        0x0 d:/imt_avr_records/00-tools/05-toolchains/sdk_win_64/winavr/bin/../lib/gcc/avr/4.3.3/avr5\libgcc.a(_si_to_sf.o)
 .data          0x0080006c        0x0 d:/imt_avr_records/00-tools/05-toolchains/sdk_win_64/winavr/bin/../lib/gcc/avr/4.3.3/avr5\libgcc.a(_sf_to_si.o)
 .data          0x0080006c        0x8 d:/imt_avr_records/00-tools/05-toolchains/sdk_win_64/winavr/bin/../lib/gcc/avr/4.3.3/avr5\libgcc.a(_thenan_sf.o)
                0x0080006c                __thenan_sf
 .data          0x00800074        0x0 d:/imt_avr_records/00-tools/05-toolchains/sdk_win_64/winavr/bin/../lib/gcc/avr/4.3.3/avr5\libgcc.a(_udivmodhi4.o)
 .data          0x00800074        0x0 d:/imt_avr_records/00-tools/05-toolchains/sdk_win_64/winavr/bin/../lib/gcc/avr/4.3.3/avr5\libgcc.a(_prologue.o)
 .data          0x00800074        0x0 d:/imt_avr_records/00-tools/05-toolchains/sdk_win_64/winavr/bin/../lib/gcc/avr/4.3.3/avr5\libgcc.a(_epilogue.o)
 .data          0x00800074        0x0 d:/imt_avr_records/00-tools/05-toolchains/sdk_win_64/winavr/bin/../lib/gcc/avr/4.3.3/avr5\libgcc.a(_clzsi2.o)
 .data          0x00800074        0x0 d:/imt_avr_records/00-tools/05-toolchains/sdk_win_64/winavr/bin/../lib/gcc/avr/4.3.3/avr5\libgcc.a(_pack_sf.o)
 .data          0x00800074        0x0 d:/imt_avr_records/00-tools/05-toolchains/sdk_win_64/winavr/bin/../lib/gcc/avr/4.3.3/avr5\libgcc.a(_unpack_sf.o)
 .data          0x00800074        0x0 d:/imt_avr_records/00-tools/05-toolchains/sdk_win_64/winavr/bin/../lib/gcc/avr/4.3.3/avr5\libgcc.a(_fpcmp_parts_sf.o)
 .data          0x00800074      0x100 d:/imt_avr_records/00-tools/05-toolchains/sdk_win_64/winavr/bin/../lib/gcc/avr/4.3.3/avr5\libgcc.a(_clz.o)
                0x00800074                __clz_tab
 *(.data*)
 .data.Arr      0x00800174        0x3 ./MCAL/Switch_Driver/Switch_Config.o
                0x00800174                Arr
 *(.rodata)
 *(.rodata*)
 .rodata.KPD_Au8Keys
                0x00800177       0x10 ./HAL/KEYPAD/Keypad_Program.o
                0x00800177                KPD_Au8Keys
 .rodata.KPD_Au8RowsPins
                0x00800187        0x4 ./HAL/KEYPAD/Keypad_Program.o
                0x00800187                KPD_Au8RowsPins
 .rodata.KPD_Au8ColsPins
                0x0080018b        0x4 ./HAL/KEYPAD/Keypad_Program.o
                0x0080018b                KPD_Au8ColsPins
 *(.gnu.linkonce.d*)
                0x00800190                . = ALIGN (0x2)
 *fill*         0x0080018f        0x1 00
                0x00800190                _edata = .
                0x00800190                PROVIDE (__data_end, .)

.bss            0x00800190       0x11
                0x00800190                PROVIDE (__bss_start, .)
 *(.bss)
 .bss           0x00800190        0x0 d:/imt_avr_records/00-tools/05-toolchains/sdk_win_64/winavr/bin/../lib/gcc/avr/4.3.3/../../../../avr/lib/avr5/crtm32.o
 .bss           0x00800190        0x0 ./MCAL/WDT/WDT_Program.o
 .bss           0x00800190        0x0 ./MCAL/UART/UART_Program.o
 .bss           0x00800190        0x0 ./MCAL/Timer/Timer_Program.o
 .bss           0x00800190        0x0 ./MCAL/Switch_Driver/Switch_Config.o
 .bss           0x00800190        0x0 ./MCAL/Switch_Driver/Switch_Program.o
 .bss           0x00800190        0x0 ./MCAL/LCD_DIO/Dio_Program.o
 .bss           0x00800190        0x0 ./MCAL/Global_Interrupt/GI_Program.o
 .bss           0x00800190        0x0 ./MCAL/EXTI/EXTI_Program.o
 .bss           0x00800190        0x0 ./MCAL/DIO/DIO_Program.o
 .bss           0x00800190        0x0 ./MCAL/ADC/ADC_Program.o
 .bss           0x00800190        0x0 ./HAL/Stepper/Stepper_Program.o
 .bss           0x00800190        0x0 ./HAL/Servo_Motor/Servo_Program.o
 .bss           0x00800190        0x0 ./HAL/LCD/LCD_Program.o
 .bss           0x00800190        0x0 ./HAL/KEYPAD/Keypad_Program.o
 .bss           0x00800190        0x0 ./HAL/DC_MOTOR/DC_Motor_Program.o
 .bss           0x00800190        0x0 ./HAL/7Segment/SevenSegment_Program.o
 .bss           0x00800190        0x0 ./APP/main.o
 .bss           0x00800190        0x0 d:/imt_avr_records/00-tools/05-toolchains/sdk_win_64/winavr/bin/../lib/gcc/avr/4.3.3/avr5\libgcc.a(_divmodhi4.o)
 .bss           0x00800190        0x0 d:/imt_avr_records/00-tools/05-toolchains/sdk_win_64/winavr/bin/../lib/gcc/avr/4.3.3/avr5\libgcc.a(_udivmodsi4.o)
 .bss           0x00800190        0x0 d:/imt_avr_records/00-tools/05-toolchains/sdk_win_64/winavr/bin/../lib/gcc/avr/4.3.3/avr5\libgcc.a(_exit.o)
 .bss           0x00800190        0x0 d:/imt_avr_records/00-tools/05-toolchains/sdk_win_64/winavr/bin/../lib/gcc/avr/4.3.3/avr5\libgcc.a(_copy_data.o)
 .bss           0x00800190        0x0 d:/imt_avr_records/00-tools/05-toolchains/sdk_win_64/winavr/bin/../lib/gcc/avr/4.3.3/avr5\libgcc.a(_clear_bss.o)
 .bss           0x00800190        0x0 d:/imt_avr_records/00-tools/05-toolchains/sdk_win_64/winavr/bin/../lib/gcc/avr/4.3.3/avr5\libgcc.a(_fixunssfsi.o)
 .bss           0x00800190        0x0 d:/imt_avr_records/00-tools/05-toolchains/sdk_win_64/winavr/bin/../lib/gcc/avr/4.3.3/avr5\libgcc.a(_addsub_sf.o)
 .bss           0x00800190        0x0 d:/imt_avr_records/00-tools/05-toolchains/sdk_win_64/winavr/bin/../lib/gcc/avr/4.3.3/avr5\libgcc.a(_mul_sf.o)
 .bss           0x00800190        0x0 d:/imt_avr_records/00-tools/05-toolchains/sdk_win_64/winavr/bin/../lib/gcc/avr/4.3.3/avr5\libgcc.a(_gt_sf.o)
 .bss           0x00800190        0x0 d:/imt_avr_records/00-tools/05-toolchains/sdk_win_64/winavr/bin/../lib/gcc/avr/4.3.3/avr5\libgcc.a(_ge_sf.o)
 .bss           0x00800190        0x0 d:/imt_avr_records/00-tools/05-toolchains/sdk_win_64/winavr/bin/../lib/gcc/avr/4.3.3/avr5\libgcc.a(_lt_sf.o)
 .bss           0x00800190        0x0 d:/imt_avr_records/00-tools/05-toolchains/sdk_win_64/winavr/bin/../lib/gcc/avr/4.3.3/avr5\libgcc.a(_si_to_sf.o)
 .bss           0x00800190        0x0 d:/imt_avr_records/00-tools/05-toolchains/sdk_win_64/winavr/bin/../lib/gcc/avr/4.3.3/avr5\libgcc.a(_sf_to_si.o)
 .bss           0x00800190        0x0 d:/imt_avr_records/00-tools/05-toolchains/sdk_win_64/winavr/bin/../lib/gcc/avr/4.3.3/avr5\libgcc.a(_thenan_sf.o)
 .bss           0x00800190        0x0 d:/imt_avr_records/00-tools/05-toolchains/sdk_win_64/winavr/bin/../lib/gcc/avr/4.3.3/avr5\libgcc.a(_udivmodhi4.o)
 .bss           0x00800190        0x0 d:/imt_avr_records/00-tools/05-toolchains/sdk_win_64/winavr/bin/../lib/gcc/avr/4.3.3/avr5\libgcc.a(_prologue.o)
 .bss           0x00800190        0x0 d:/imt_avr_records/00-tools/05-toolchains/sdk_win_64/winavr/bin/../lib/gcc/avr/4.3.3/avr5\libgcc.a(_epilogue.o)
 .bss           0x00800190        0x0 d:/imt_avr_records/00-tools/05-toolchains/sdk_win_64/winavr/bin/../lib/gcc/avr/4.3.3/avr5\libgcc.a(_clzsi2.o)
 .bss           0x00800190        0x0 d:/imt_avr_records/00-tools/05-toolchains/sdk_win_64/winavr/bin/../lib/gcc/avr/4.3.3/avr5\libgcc.a(_pack_sf.o)
 .bss           0x00800190        0x0 d:/imt_avr_records/00-tools/05-toolchains/sdk_win_64/winavr/bin/../lib/gcc/avr/4.3.3/avr5\libgcc.a(_unpack_sf.o)
 .bss           0x00800190        0x0 d:/imt_avr_records/00-tools/05-toolchains/sdk_win_64/winavr/bin/../lib/gcc/avr/4.3.3/avr5\libgcc.a(_fpcmp_parts_sf.o)
 .bss           0x00800190        0x0 d:/imt_avr_records/00-tools/05-toolchains/sdk_win_64/winavr/bin/../lib/gcc/avr/4.3.3/avr5\libgcc.a(_clz.o)
 *(.bss*)
 .bss.TIMERS_pfTIMER0OVF
                0x00800190        0x2 ./MCAL/Timer/Timer_Program.o
 .bss.TIMERS_pfTIMER0CTC
                0x00800192        0x2 ./MCAL/Timer/Timer_Program.o
 .bss.Local_u16CounterOVF.1353
                0x00800194        0x2 ./MCAL/Timer/Timer_Program.o
 .bss.Local_u16CounterCTC.1369
                0x00800196        0x2 ./MCAL/Timer/Timer_Program.o
 .bss.EXTI      0x00800198        0x6 ./MCAL/EXTI/EXTI_Program.o
                0x00800198                EXTI
 .bss.ADC_PfNotification
                0x0080019e        0x2 ./MCAL/ADC/ADC_Program.o
 .bss.ADC_u8BusyFlag
                0x008001a0        0x1 ./MCAL/ADC/ADC_Program.o
 *(COMMON)
                0x008001a1                PROVIDE (__bss_end, .)
                0x00006554                __data_load_start = LOADADDR (.data)
                0x00006684                __data_load_end = (__data_load_start + SIZEOF (.data))

.noinit         0x008001a1        0x0
                0x008001a1                PROVIDE (__noinit_start, .)
 *(.noinit*)
                0x008001a1                PROVIDE (__noinit_end, .)
                0x008001a1                _end = .
                0x008001a1                PROVIDE (__heap_start, .)

.eeprom         0x00810000        0x0
 *(.eeprom*)
                0x00810000                __eeprom_end = .

.fuse
 *(.fuse)
 *(.lfuse)
 *(.hfuse)
 *(.efuse)

.lock
 *(.lock*)

.signature
 *(.signature*)

.stab           0x00000000     0x6bd0
 *(.stab)
 .stab          0x00000000      0x1f8 ./MCAL/WDT/WDT_Program.o
 .stab          0x000001f8      0x6a8 ./MCAL/UART/UART_Program.o
                                0x6b4 (size before relaxing)
 .stab          0x000008a0      0x63c ./MCAL/Timer/Timer_Program.o
                                0x648 (size before relaxing)
 .stab          0x00000edc      0x1c8 ./MCAL/Switch_Driver/Switch_Config.o
                                0x1d4 (size before relaxing)
 .stab          0x000010a4      0x240 ./MCAL/Switch_Driver/Switch_Program.o
                                0x2a0 (size before relaxing)
 .stab          0x000012e4      0x840 ./MCAL/LCD_DIO/Dio_Program.o
                                0x84c (size before relaxing)
 .stab          0x00001b24      0x1b0 ./MCAL/Global_Interrupt/GI_Program.o
                                0x1bc (size before relaxing)
 .stab          0x00001cd4      0x678 ./MCAL/EXTI/EXTI_Program.o
                                0x684 (size before relaxing)
 .stab          0x0000234c      0x9c0 ./MCAL/DIO/DIO_Program.o
                                0x9cc (size before relaxing)
 .stab          0x00002d0c      0x504 ./MCAL/ADC/ADC_Program.o
                                0x510 (size before relaxing)
 .stab          0x00003210      0x3b4 ./HAL/Stepper/Stepper_Program.o
                                0x540 (size before relaxing)
 .stab          0x000035c4      0x204 ./HAL/Servo_Motor/Servo_Program.o
                                0x210 (size before relaxing)
 .stab          0x000037c8     0x1164 ./HAL/LCD/LCD_Program.o
                               0x12fc (size before relaxing)
 .stab          0x0000492c      0x498 ./HAL/KEYPAD/Keypad_Program.o
                                0x630 (size before relaxing)
 .stab          0x00004dc4      0x474 ./HAL/DC_MOTOR/DC_Motor_Program.o
                                0x480 (size before relaxing)
 .stab          0x00005238     0x1434 ./HAL/7Segment/SevenSegment_Program.o
                               0x15cc (size before relaxing)
 .stab          0x0000666c      0x564 ./APP/main.o
                                0x6fc (size before relaxing)

.stabstr        0x00000000     0x288a
 *(.stabstr)
 .stabstr       0x00000000     0x288a ./MCAL/WDT/WDT_Program.o

.stab.excl
 *(.stab.excl)

.stab.exclstr
 *(.stab.exclstr)

.stab.index
 *(.stab.index)

.stab.indexstr
 *(.stab.indexstr)

.comment
 *(.comment)

.debug
 *(.debug)

.line
 *(.line)

.debug_srcinfo
 *(.debug_srcinfo)

.debug_sfnames
 *(.debug_sfnames)

.debug_aranges  0x00000000      0x180
 *(.debug_aranges)
 .debug_aranges
                0x00000000       0x20 d:/imt_avr_records/00-tools/05-toolchains/sdk_win_64/winavr/bin/../lib/gcc/avr/4.3.3/avr5\libgcc.a(_fixunssfsi.o)
 .debug_aranges
                0x00000020       0x20 d:/imt_avr_records/00-tools/05-toolchains/sdk_win_64/winavr/bin/../lib/gcc/avr/4.3.3/avr5\libgcc.a(_addsub_sf.o)
 .debug_aranges
                0x00000040       0x20 d:/imt_avr_records/00-tools/05-toolchains/sdk_win_64/winavr/bin/../lib/gcc/avr/4.3.3/avr5\libgcc.a(_mul_sf.o)
 .debug_aranges
                0x00000060       0x20 d:/imt_avr_records/00-tools/05-toolchains/sdk_win_64/winavr/bin/../lib/gcc/avr/4.3.3/avr5\libgcc.a(_gt_sf.o)
 .debug_aranges
                0x00000080       0x20 d:/imt_avr_records/00-tools/05-toolchains/sdk_win_64/winavr/bin/../lib/gcc/avr/4.3.3/avr5\libgcc.a(_ge_sf.o)
 .debug_aranges
                0x000000a0       0x20 d:/imt_avr_records/00-tools/05-toolchains/sdk_win_64/winavr/bin/../lib/gcc/avr/4.3.3/avr5\libgcc.a(_lt_sf.o)
 .debug_aranges
                0x000000c0       0x20 d:/imt_avr_records/00-tools/05-toolchains/sdk_win_64/winavr/bin/../lib/gcc/avr/4.3.3/avr5\libgcc.a(_si_to_sf.o)
 .debug_aranges
                0x000000e0       0x20 d:/imt_avr_records/00-tools/05-toolchains/sdk_win_64/winavr/bin/../lib/gcc/avr/4.3.3/avr5\libgcc.a(_sf_to_si.o)
 .debug_aranges
                0x00000100       0x20 d:/imt_avr_records/00-tools/05-toolchains/sdk_win_64/winavr/bin/../lib/gcc/avr/4.3.3/avr5\libgcc.a(_clzsi2.o)
 .debug_aranges
                0x00000120       0x20 d:/imt_avr_records/00-tools/05-toolchains/sdk_win_64/winavr/bin/../lib/gcc/avr/4.3.3/avr5\libgcc.a(_pack_sf.o)
 .debug_aranges
                0x00000140       0x20 d:/imt_avr_records/00-tools/05-toolchains/sdk_win_64/winavr/bin/../lib/gcc/avr/4.3.3/avr5\libgcc.a(_unpack_sf.o)
 .debug_aranges
                0x00000160       0x20 d:/imt_avr_records/00-tools/05-toolchains/sdk_win_64/winavr/bin/../lib/gcc/avr/4.3.3/avr5\libgcc.a(_fpcmp_parts_sf.o)

.debug_pubnames
                0x00000000      0x1d1
 *(.debug_pubnames)
 .debug_pubnames
                0x00000000       0x23 d:/imt_avr_records/00-tools/05-toolchains/sdk_win_64/winavr/bin/../lib/gcc/avr/4.3.3/avr5\libgcc.a(_fixunssfsi.o)
 .debug_pubnames
                0x00000023       0x2c d:/imt_avr_records/00-tools/05-toolchains/sdk_win_64/winavr/bin/../lib/gcc/avr/4.3.3/avr5\libgcc.a(_addsub_sf.o)
 .debug_pubnames
                0x0000004f       0x1f d:/imt_avr_records/00-tools/05-toolchains/sdk_win_64/winavr/bin/../lib/gcc/avr/4.3.3/avr5\libgcc.a(_mul_sf.o)
 .debug_pubnames
                0x0000006e       0x1e d:/imt_avr_records/00-tools/05-toolchains/sdk_win_64/winavr/bin/../lib/gcc/avr/4.3.3/avr5\libgcc.a(_gt_sf.o)
 .debug_pubnames
                0x0000008c       0x1e d:/imt_avr_records/00-tools/05-toolchains/sdk_win_64/winavr/bin/../lib/gcc/avr/4.3.3/avr5\libgcc.a(_ge_sf.o)
 .debug_pubnames
                0x000000aa       0x1e d:/imt_avr_records/00-tools/05-toolchains/sdk_win_64/winavr/bin/../lib/gcc/avr/4.3.3/avr5\libgcc.a(_lt_sf.o)
 .debug_pubnames
                0x000000c8       0x22 d:/imt_avr_records/00-tools/05-toolchains/sdk_win_64/winavr/bin/../lib/gcc/avr/4.3.3/avr5\libgcc.a(_si_to_sf.o)
 .debug_pubnames
                0x000000ea       0x20 d:/imt_avr_records/00-tools/05-toolchains/sdk_win_64/winavr/bin/../lib/gcc/avr/4.3.3/avr5\libgcc.a(_sf_to_si.o)
 .debug_pubnames
                0x0000010a       0x22 d:/imt_avr_records/00-tools/05-toolchains/sdk_win_64/winavr/bin/../lib/gcc/avr/4.3.3/avr5\libgcc.a(_thenan_sf.o)
 .debug_pubnames
                0x0000012c       0x1f d:/imt_avr_records/00-tools/05-toolchains/sdk_win_64/winavr/bin/../lib/gcc/avr/4.3.3/avr5\libgcc.a(_clzsi2.o)
 .debug_pubnames
                0x0000014b       0x1f d:/imt_avr_records/00-tools/05-toolchains/sdk_win_64/winavr/bin/../lib/gcc/avr/4.3.3/avr5\libgcc.a(_pack_sf.o)
 .debug_pubnames
                0x0000016a       0x21 d:/imt_avr_records/00-tools/05-toolchains/sdk_win_64/winavr/bin/../lib/gcc/avr/4.3.3/avr5\libgcc.a(_unpack_sf.o)
 .debug_pubnames
                0x0000018b       0x26 d:/imt_avr_records/00-tools/05-toolchains/sdk_win_64/winavr/bin/../lib/gcc/avr/4.3.3/avr5\libgcc.a(_fpcmp_parts_sf.o)
 .debug_pubnames
                0x000001b1       0x20 d:/imt_avr_records/00-tools/05-toolchains/sdk_win_64/winavr/bin/../lib/gcc/avr/4.3.3/avr5\libgcc.a(_clz.o)

.debug_info     0x00000000     0x2010
 *(.debug_info)
 .debug_info    0x00000000       0xb1 d:/imt_avr_records/00-tools/05-toolchains/sdk_win_64/winavr/bin/../lib/gcc/avr/4.3.3/avr5\libgcc.a(_fixunssfsi.o)
 .debug_info    0x000000b1      0x47a d:/imt_avr_records/00-tools/05-toolchains/sdk_win_64/winavr/bin/../lib/gcc/avr/4.3.3/avr5\libgcc.a(_addsub_sf.o)
 .debug_info    0x0000052b      0x485 d:/imt_avr_records/00-tools/05-toolchains/sdk_win_64/winavr/bin/../lib/gcc/avr/4.3.3/avr5\libgcc.a(_mul_sf.o)
 .debug_info    0x000009b0      0x27f d:/imt_avr_records/00-tools/05-toolchains/sdk_win_64/winavr/bin/../lib/gcc/avr/4.3.3/avr5\libgcc.a(_gt_sf.o)
 .debug_info    0x00000c2f      0x27f d:/imt_avr_records/00-tools/05-toolchains/sdk_win_64/winavr/bin/../lib/gcc/avr/4.3.3/avr5\libgcc.a(_ge_sf.o)
 .debug_info    0x00000eae      0x27f d:/imt_avr_records/00-tools/05-toolchains/sdk_win_64/winavr/bin/../lib/gcc/avr/4.3.3/avr5\libgcc.a(_lt_sf.o)
 .debug_info    0x0000112d      0x207 d:/imt_avr_records/00-tools/05-toolchains/sdk_win_64/winavr/bin/../lib/gcc/avr/4.3.3/avr5\libgcc.a(_si_to_sf.o)
 .debug_info    0x00001334      0x2b0 d:/imt_avr_records/00-tools/05-toolchains/sdk_win_64/winavr/bin/../lib/gcc/avr/4.3.3/avr5\libgcc.a(_sf_to_si.o)
 .debug_info    0x000015e4      0x12c d:/imt_avr_records/00-tools/05-toolchains/sdk_win_64/winavr/bin/../lib/gcc/avr/4.3.3/avr5\libgcc.a(_thenan_sf.o)
 .debug_info    0x00001710      0x117 d:/imt_avr_records/00-tools/05-toolchains/sdk_win_64/winavr/bin/../lib/gcc/avr/4.3.3/avr5\libgcc.a(_clzsi2.o)
 .debug_info    0x00001827      0x2df d:/imt_avr_records/00-tools/05-toolchains/sdk_win_64/winavr/bin/../lib/gcc/avr/4.3.3/avr5\libgcc.a(_pack_sf.o)
 .debug_info    0x00001b06      0x251 d:/imt_avr_records/00-tools/05-toolchains/sdk_win_64/winavr/bin/../lib/gcc/avr/4.3.3/avr5\libgcc.a(_unpack_sf.o)
 .debug_info    0x00001d57      0x210 d:/imt_avr_records/00-tools/05-toolchains/sdk_win_64/winavr/bin/../lib/gcc/avr/4.3.3/avr5\libgcc.a(_fpcmp_parts_sf.o)
 .debug_info    0x00001f67       0xa9 d:/imt_avr_records/00-tools/05-toolchains/sdk_win_64/winavr/bin/../lib/gcc/avr/4.3.3/avr5\libgcc.a(_clz.o)
 *(.gnu.linkonce.wi.*)

.debug_abbrev   0x00000000     0x1161
 *(.debug_abbrev)
 .debug_abbrev  0x00000000       0x5d d:/imt_avr_records/00-tools/05-toolchains/sdk_win_64/winavr/bin/../lib/gcc/avr/4.3.3/avr5\libgcc.a(_fixunssfsi.o)
 .debug_abbrev  0x0000005d      0x1ea d:/imt_avr_records/00-tools/05-toolchains/sdk_win_64/winavr/bin/../lib/gcc/avr/4.3.3/avr5\libgcc.a(_addsub_sf.o)
 .debug_abbrev  0x00000247      0x21b d:/imt_avr_records/00-tools/05-toolchains/sdk_win_64/winavr/bin/../lib/gcc/avr/4.3.3/avr5\libgcc.a(_mul_sf.o)
 .debug_abbrev  0x00000462      0x15a d:/imt_avr_records/00-tools/05-toolchains/sdk_win_64/winavr/bin/../lib/gcc/avr/4.3.3/avr5\libgcc.a(_gt_sf.o)
 .debug_abbrev  0x000005bc      0x15a d:/imt_avr_records/00-tools/05-toolchains/sdk_win_64/winavr/bin/../lib/gcc/avr/4.3.3/avr5\libgcc.a(_ge_sf.o)
 .debug_abbrev  0x00000716      0x15a d:/imt_avr_records/00-tools/05-toolchains/sdk_win_64/winavr/bin/../lib/gcc/avr/4.3.3/avr5\libgcc.a(_lt_sf.o)
 .debug_abbrev  0x00000870      0x148 d:/imt_avr_records/00-tools/05-toolchains/sdk_win_64/winavr/bin/../lib/gcc/avr/4.3.3/avr5\libgcc.a(_si_to_sf.o)
 .debug_abbrev  0x000009b8      0x17f d:/imt_avr_records/00-tools/05-toolchains/sdk_win_64/winavr/bin/../lib/gcc/avr/4.3.3/avr5\libgcc.a(_sf_to_si.o)
 .debug_abbrev  0x00000b37       0xad d:/imt_avr_records/00-tools/05-toolchains/sdk_win_64/winavr/bin/../lib/gcc/avr/4.3.3/avr5\libgcc.a(_thenan_sf.o)
 .debug_abbrev  0x00000be4       0xc4 d:/imt_avr_records/00-tools/05-toolchains/sdk_win_64/winavr/bin/../lib/gcc/avr/4.3.3/avr5\libgcc.a(_clzsi2.o)
 .debug_abbrev  0x00000ca8      0x1c0 d:/imt_avr_records/00-tools/05-toolchains/sdk_win_64/winavr/bin/../lib/gcc/avr/4.3.3/avr5\libgcc.a(_pack_sf.o)
 .debug_abbrev  0x00000e68      0x154 d:/imt_avr_records/00-tools/05-toolchains/sdk_win_64/winavr/bin/../lib/gcc/avr/4.3.3/avr5\libgcc.a(_unpack_sf.o)
 .debug_abbrev  0x00000fbc      0x13b d:/imt_avr_records/00-tools/05-toolchains/sdk_win_64/winavr/bin/../lib/gcc/avr/4.3.3/avr5\libgcc.a(_fpcmp_parts_sf.o)
 .debug_abbrev  0x000010f7       0x6a d:/imt_avr_records/00-tools/05-toolchains/sdk_win_64/winavr/bin/../lib/gcc/avr/4.3.3/avr5\libgcc.a(_clz.o)

.debug_line     0x00000000     0x1003
 *(.debug_line)
 .debug_line    0x00000000       0xa7 d:/imt_avr_records/00-tools/05-toolchains/sdk_win_64/winavr/bin/../lib/gcc/avr/4.3.3/avr5\libgcc.a(_fixunssfsi.o)
 .debug_line    0x000000a7      0x2af d:/imt_avr_records/00-tools/05-toolchains/sdk_win_64/winavr/bin/../lib/gcc/avr/4.3.3/avr5\libgcc.a(_addsub_sf.o)
 .debug_line    0x00000356      0x239 d:/imt_avr_records/00-tools/05-toolchains/sdk_win_64/winavr/bin/../lib/gcc/avr/4.3.3/avr5\libgcc.a(_mul_sf.o)
 .debug_line    0x0000058f       0xd3 d:/imt_avr_records/00-tools/05-toolchains/sdk_win_64/winavr/bin/../lib/gcc/avr/4.3.3/avr5\libgcc.a(_gt_sf.o)
 .debug_line    0x00000662       0xd3 d:/imt_avr_records/00-tools/05-toolchains/sdk_win_64/winavr/bin/../lib/gcc/avr/4.3.3/avr5\libgcc.a(_ge_sf.o)
 .debug_line    0x00000735       0xd3 d:/imt_avr_records/00-tools/05-toolchains/sdk_win_64/winavr/bin/../lib/gcc/avr/4.3.3/avr5\libgcc.a(_lt_sf.o)
 .debug_line    0x00000808      0x135 d:/imt_avr_records/00-tools/05-toolchains/sdk_win_64/winavr/bin/../lib/gcc/avr/4.3.3/avr5\libgcc.a(_si_to_sf.o)
 .debug_line    0x0000093d      0x109 d:/imt_avr_records/00-tools/05-toolchains/sdk_win_64/winavr/bin/../lib/gcc/avr/4.3.3/avr5\libgcc.a(_sf_to_si.o)
 .debug_line    0x00000a46       0x90 d:/imt_avr_records/00-tools/05-toolchains/sdk_win_64/winavr/bin/../lib/gcc/avr/4.3.3/avr5\libgcc.a(_thenan_sf.o)
 .debug_line    0x00000ad6       0xa5 d:/imt_avr_records/00-tools/05-toolchains/sdk_win_64/winavr/bin/../lib/gcc/avr/4.3.3/avr5\libgcc.a(_clzsi2.o)
 .debug_line    0x00000b7b      0x18a d:/imt_avr_records/00-tools/05-toolchains/sdk_win_64/winavr/bin/../lib/gcc/avr/4.3.3/avr5\libgcc.a(_pack_sf.o)
 .debug_line    0x00000d05      0x14b d:/imt_avr_records/00-tools/05-toolchains/sdk_win_64/winavr/bin/../lib/gcc/avr/4.3.3/avr5\libgcc.a(_unpack_sf.o)
 .debug_line    0x00000e50      0x137 d:/imt_avr_records/00-tools/05-toolchains/sdk_win_64/winavr/bin/../lib/gcc/avr/4.3.3/avr5\libgcc.a(_fpcmp_parts_sf.o)
 .debug_line    0x00000f87       0x7c d:/imt_avr_records/00-tools/05-toolchains/sdk_win_64/winavr/bin/../lib/gcc/avr/4.3.3/avr5\libgcc.a(_clz.o)

.debug_frame    0x00000000      0x1a0
 *(.debug_frame)
 .debug_frame   0x00000000       0x20 d:/imt_avr_records/00-tools/05-toolchains/sdk_win_64/winavr/bin/../lib/gcc/avr/4.3.3/avr5\libgcc.a(_fixunssfsi.o)
 .debug_frame   0x00000020       0x40 d:/imt_avr_records/00-tools/05-toolchains/sdk_win_64/winavr/bin/../lib/gcc/avr/4.3.3/avr5\libgcc.a(_addsub_sf.o)
 .debug_frame   0x00000060       0x20 d:/imt_avr_records/00-tools/05-toolchains/sdk_win_64/winavr/bin/../lib/gcc/avr/4.3.3/avr5\libgcc.a(_mul_sf.o)
 .debug_frame   0x00000080       0x20 d:/imt_avr_records/00-tools/05-toolchains/sdk_win_64/winavr/bin/../lib/gcc/avr/4.3.3/avr5\libgcc.a(_gt_sf.o)
 .debug_frame   0x000000a0       0x20 d:/imt_avr_records/00-tools/05-toolchains/sdk_win_64/winavr/bin/../lib/gcc/avr/4.3.3/avr5\libgcc.a(_ge_sf.o)
 .debug_frame   0x000000c0       0x20 d:/imt_avr_records/00-tools/05-toolchains/sdk_win_64/winavr/bin/../lib/gcc/avr/4.3.3/avr5\libgcc.a(_lt_sf.o)
 .debug_frame   0x000000e0       0x20 d:/imt_avr_records/00-tools/05-toolchains/sdk_win_64/winavr/bin/../lib/gcc/avr/4.3.3/avr5\libgcc.a(_si_to_sf.o)
 .debug_frame   0x00000100       0x20 d:/imt_avr_records/00-tools/05-toolchains/sdk_win_64/winavr/bin/../lib/gcc/avr/4.3.3/avr5\libgcc.a(_sf_to_si.o)
 .debug_frame   0x00000120       0x20 d:/imt_avr_records/00-tools/05-toolchains/sdk_win_64/winavr/bin/../lib/gcc/avr/4.3.3/avr5\libgcc.a(_clzsi2.o)
 .debug_frame   0x00000140       0x20 d:/imt_avr_records/00-tools/05-toolchains/sdk_win_64/winavr/bin/../lib/gcc/avr/4.3.3/avr5\libgcc.a(_pack_sf.o)
 .debug_frame   0x00000160       0x20 d:/imt_avr_records/00-tools/05-toolchains/sdk_win_64/winavr/bin/../lib/gcc/avr/4.3.3/avr5\libgcc.a(_unpack_sf.o)
 .debug_frame   0x00000180       0x20 d:/imt_avr_records/00-tools/05-toolchains/sdk_win_64/winavr/bin/../lib/gcc/avr/4.3.3/avr5\libgcc.a(_fpcmp_parts_sf.o)

.debug_str      0x00000000      0x2be
 *(.debug_str)
 .debug_str     0x00000000       0xbf d:/imt_avr_records/00-tools/05-toolchains/sdk_win_64/winavr/bin/../lib/gcc/avr/4.3.3/avr5\libgcc.a(_fixunssfsi.o)
                                 0xfe (size before relaxing)
 .debug_str     0x000000bf      0x14d d:/imt_avr_records/00-tools/05-toolchains/sdk_win_64/winavr/bin/../lib/gcc/avr/4.3.3/avr5\libgcc.a(_addsub_sf.o)
                                0x206 (size before relaxing)
 .debug_str     0x0000020c       0x27 d:/imt_avr_records/00-tools/05-toolchains/sdk_win_64/winavr/bin/../lib/gcc/avr/4.3.3/avr5\libgcc.a(_mul_sf.o)
                                0x1bf (size before relaxing)
 .debug_str     0x00000233        0x8 d:/imt_avr_records/00-tools/05-toolchains/sdk_win_64/winavr/bin/../lib/gcc/avr/4.3.3/avr5\libgcc.a(_gt_sf.o)
                                0x195 (size before relaxing)
 .debug_str     0x0000023b        0x8 d:/imt_avr_records/00-tools/05-toolchains/sdk_win_64/winavr/bin/../lib/gcc/avr/4.3.3/avr5\libgcc.a(_ge_sf.o)
                                0x195 (size before relaxing)
 .debug_str     0x00000243        0x8 d:/imt_avr_records/00-tools/05-toolchains/sdk_win_64/winavr/bin/../lib/gcc/avr/4.3.3/avr5\libgcc.a(_lt_sf.o)
                                0x195 (size before relaxing)
 .debug_str     0x0000024b       0x1e d:/imt_avr_records/00-tools/05-toolchains/sdk_win_64/winavr/bin/../lib/gcc/avr/4.3.3/avr5\libgcc.a(_si_to_sf.o)
                                0x17b (size before relaxing)
 .debug_str     0x00000269        0xa d:/imt_avr_records/00-tools/05-toolchains/sdk_win_64/winavr/bin/../lib/gcc/avr/4.3.3/avr5\libgcc.a(_sf_to_si.o)
                                0x19e (size before relaxing)
 .debug_str     0x00000000      0x103 d:/imt_avr_records/00-tools/05-toolchains/sdk_win_64/winavr/bin/../lib/gcc/avr/4.3.3/avr5\libgcc.a(_thenan_sf.o)
 .debug_str     0x00000273       0x20 d:/imt_avr_records/00-tools/05-toolchains/sdk_win_64/winavr/bin/../lib/gcc/avr/4.3.3/avr5\libgcc.a(_clzsi2.o)
                                0x111 (size before relaxing)
 .debug_str     0x00000293       0x10 d:/imt_avr_records/00-tools/05-toolchains/sdk_win_64/winavr/bin/../lib/gcc/avr/4.3.3/avr5\libgcc.a(_pack_sf.o)
                                0x19d (size before relaxing)
 .debug_str     0x000002a3        0xb d:/imt_avr_records/00-tools/05-toolchains/sdk_win_64/winavr/bin/../lib/gcc/avr/4.3.3/avr5\libgcc.a(_unpack_sf.o)
                                0x17f (size before relaxing)
 .debug_str     0x000002ae       0x10 d:/imt_avr_records/00-tools/05-toolchains/sdk_win_64/winavr/bin/../lib/gcc/avr/4.3.3/avr5\libgcc.a(_fpcmp_parts_sf.o)
                                0x163 (size before relaxing)
 .debug_str     0x00000000       0xf4 d:/imt_avr_records/00-tools/05-toolchains/sdk_win_64/winavr/bin/../lib/gcc/avr/4.3.3/avr5\libgcc.a(_clz.o)

.debug_loc      0x00000000      0x90e
 *(.debug_loc)
 .debug_loc     0x00000000       0x34 d:/imt_avr_records/00-tools/05-toolchains/sdk_win_64/winavr/bin/../lib/gcc/avr/4.3.3/avr5\libgcc.a(_fixunssfsi.o)
 .debug_loc     0x00000034      0x32a d:/imt_avr_records/00-tools/05-toolchains/sdk_win_64/winavr/bin/../lib/gcc/avr/4.3.3/avr5\libgcc.a(_addsub_sf.o)
 .debug_loc     0x0000035e      0x104 d:/imt_avr_records/00-tools/05-toolchains/sdk_win_64/winavr/bin/../lib/gcc/avr/4.3.3/avr5\libgcc.a(_mul_sf.o)
 .debug_loc     0x00000462       0x3c d:/imt_avr_records/00-tools/05-toolchains/sdk_win_64/winavr/bin/../lib/gcc/avr/4.3.3/avr5\libgcc.a(_gt_sf.o)
 .debug_loc     0x0000049e       0x3c d:/imt_avr_records/00-tools/05-toolchains/sdk_win_64/winavr/bin/../lib/gcc/avr/4.3.3/avr5\libgcc.a(_ge_sf.o)
 .debug_loc     0x000004da       0x3c d:/imt_avr_records/00-tools/05-toolchains/sdk_win_64/winavr/bin/../lib/gcc/avr/4.3.3/avr5\libgcc.a(_lt_sf.o)
 .debug_loc     0x00000516       0xac d:/imt_avr_records/00-tools/05-toolchains/sdk_win_64/winavr/bin/../lib/gcc/avr/4.3.3/avr5\libgcc.a(_si_to_sf.o)
 .debug_loc     0x000005c2       0x7e d:/imt_avr_records/00-tools/05-toolchains/sdk_win_64/winavr/bin/../lib/gcc/avr/4.3.3/avr5\libgcc.a(_sf_to_si.o)
 .debug_loc     0x00000640       0x94 d:/imt_avr_records/00-tools/05-toolchains/sdk_win_64/winavr/bin/../lib/gcc/avr/4.3.3/avr5\libgcc.a(_clzsi2.o)
 .debug_loc     0x000006d4      0x13e d:/imt_avr_records/00-tools/05-toolchains/sdk_win_64/winavr/bin/../lib/gcc/avr/4.3.3/avr5\libgcc.a(_pack_sf.o)
 .debug_loc     0x00000812       0xac d:/imt_avr_records/00-tools/05-toolchains/sdk_win_64/winavr/bin/../lib/gcc/avr/4.3.3/avr5\libgcc.a(_unpack_sf.o)
 .debug_loc     0x000008be       0x50 d:/imt_avr_records/00-tools/05-toolchains/sdk_win_64/winavr/bin/../lib/gcc/avr/4.3.3/avr5\libgcc.a(_fpcmp_parts_sf.o)

.debug_macinfo
 *(.debug_macinfo)
OUTPUT(DIO_Driver.elf elf32-avr)
LOAD linker stubs

.debug_ranges   0x00000000       0x50
 .debug_ranges  0x00000000       0x50 d:/imt_avr_records/00-tools/05-toolchains/sdk_win_64/winavr/bin/../lib/gcc/avr/4.3.3/avr5\libgcc.a(_mul_sf.o)
